Archive member included to satisfy reference by file (symbol)

/home/guilherme/gcc-arm-none-eabi-10.3-2021.10/bin/../lib/gcc/arm-none-eabi/10.3.1/thumb/v7-m/nofp/libgcc.a(_arm_mulsf3.o)
                              gcc/main.o (__aeabi_fmul)
/home/guilherme/gcc-arm-none-eabi-10.3-2021.10/bin/../lib/gcc/arm-none-eabi/10.3.1/thumb/v7-m/nofp/libgcc.a(_arm_addsubdf3.o)
                              gcc/main.o (__aeabi_i2d)
/home/guilherme/gcc-arm-none-eabi-10.3-2021.10/bin/../lib/gcc/arm-none-eabi/10.3.1/thumb/v7-m/nofp/libgcc.a(_arm_muldivdf3.o)
                              gcc/main.o (__aeabi_ddiv)
/home/guilherme/gcc-arm-none-eabi-10.3-2021.10/bin/../lib/gcc/arm-none-eabi/10.3.1/thumb/v7-m/nofp/libgcc.a(_arm_truncdfsf2.o)
                              gcc/main.o (__aeabi_d2f)
/home/guilherme/gcc-arm-none-eabi-10.3-2021.10/bin/../lib/gcc/arm-none-eabi/10.3.1/thumb/v7-m/nofp/libgcc.a(_arm_fixunssfsi.o)
                              gcc/main.o (__aeabi_f2uiz)
/home/guilherme/gcc-arm-none-eabi-10.3-2021.10/bin/../lib/gcc/arm-none-eabi/10.3.1/../../../../arm-none-eabi/lib/thumb/v7-m/nofp/libg_nano.a(lib_a-itoa.o)
                              gcc/main.o (itoa)
/home/guilherme/gcc-arm-none-eabi-10.3-2021.10/bin/../lib/gcc/arm-none-eabi/10.3.1/../../../../arm-none-eabi/lib/thumb/v7-m/nofp/libg_nano.a(lib_a-memset.o)
                              gcc/lcd.o (memset)
/home/guilherme/gcc-arm-none-eabi-10.3-2021.10/bin/../lib/gcc/arm-none-eabi/10.3.1/../../../../arm-none-eabi/lib/thumb/v7-m/nofp/libg_nano.a(lib_a-utoa.o)
                              /home/guilherme/gcc-arm-none-eabi-10.3-2021.10/bin/../lib/gcc/arm-none-eabi/10.3.1/../../../../arm-none-eabi/lib/thumb/v7-m/nofp/libg_nano.a(lib_a-itoa.o) (__utoa)

Discarded input sections

 .text          0x0000000000000000        0x0 gcc/lcd.o
 .data          0x0000000000000000        0x0 gcc/lcd.o
 .bss           0x0000000000000000        0x0 gcc/lcd.o
 .rodata.tablcdspecial
                0x0000000000000000       0x44 gcc/lcd.o
 .text.LCD_WriteAlphanumericDisplay
                0x0000000000000000       0x4e gcc/lcd.o
 .text.LCD_WriteNumericDisplay
                0x0000000000000000       0x4e gcc/lcd.o
 .text.LCD_WriteSegmentMask
                0x0000000000000000       0x9c gcc/lcd.o
 .text.LCD_WriteSegment2
                0x0000000000000000       0x48 gcc/lcd.o
 .text.LCD_WriteSegment
                0x0000000000000000       0x3c gcc/lcd.o
 .text.LCD_WriteSpecial
                0x0000000000000000      0x25c gcc/lcd.o
 .text.LCD_Freeze
                0x0000000000000000       0x1c gcc/lcd.o
 .text.LCD_Unfreeze
                0x0000000000000000       0x1c gcc/lcd.o
 .text          0x0000000000000000        0x0 gcc/startup_efm32gg.o
 .data          0x0000000000000000        0x0 gcc/startup_efm32gg.o
 .bss           0x0000000000000000        0x0 gcc/startup_efm32gg.o
 .text.SystemInit
                0x0000000000000000        0xc gcc/startup_efm32gg.o
 .text          0x0000000000000000        0x0 gcc/pwm.o
 .data          0x0000000000000000        0x0 gcc/pwm.o
 .bss           0x0000000000000000        0x0 gcc/pwm.o
 .rodata.GPIOA  0x0000000000000000        0x4 gcc/pwm.o
 .rodata.GPIOB  0x0000000000000000        0x4 gcc/pwm.o
 .rodata.GPIOC  0x0000000000000000        0x4 gcc/pwm.o
 .rodata.GPIOD  0x0000000000000000        0x4 gcc/pwm.o
 .rodata.GPIOE  0x0000000000000000        0x4 gcc/pwm.o
 .rodata.GPIOF  0x0000000000000000        0x4 gcc/pwm.o
 .rodata.GPIO_MODE_DISABLE
                0x0000000000000000        0x4 gcc/pwm.o
 .rodata.GPIO_MODE_INPUT
                0x0000000000000000        0x4 gcc/pwm.o
 .rodata.GPIO_MODE_INPUTPULL
                0x0000000000000000        0x4 gcc/pwm.o
 .rodata.GPIO_MODE_INPUTPULLFILTER
                0x0000000000000000        0x4 gcc/pwm.o
 .rodata.GPIO_MODE_PUSHPULL
                0x0000000000000000        0x4 gcc/pwm.o
 .rodata.GPIO_MODE_PUSHPULLDRIVE
                0x0000000000000000        0x4 gcc/pwm.o
 .rodata.GPIO_MODE_WIREDOR
                0x0000000000000000        0x4 gcc/pwm.o
 .rodata.GPIO_MODE_WIREDORPULLDOWN
                0x0000000000000000        0x4 gcc/pwm.o
 .rodata.GPIO_MODE_WIREDAND
                0x0000000000000000        0x4 gcc/pwm.o
 .rodata.GPIO_MODE_WIREDANDFILTER
                0x0000000000000000        0x4 gcc/pwm.o
 .rodata.GPIO_MODE_WIREDANDPULLUP
                0x0000000000000000        0x4 gcc/pwm.o
 .rodata.GPIO_MODE_WIREDANDPULLUPFILTER
                0x0000000000000000        0x4 gcc/pwm.o
 .rodata.GPIO_MODE_WIREDANDDRIVE
                0x0000000000000000        0x4 gcc/pwm.o
 .rodata.GPIO_MODE_WIREDANDDRIVEFILTER
                0x0000000000000000        0x4 gcc/pwm.o
 .rodata.GPIO_MODE_WIREDANDDRIVEPULLUP
                0x0000000000000000        0x4 gcc/pwm.o
 .rodata.GPIO_MODE_WIREDANDDRIVEPULLUPFILTER
                0x0000000000000000        0x4 gcc/pwm.o
 .text.PWM_Read
                0x0000000000000000       0x26 gcc/pwm.o
 .text          0x0000000000000000        0x0 gcc/clock_efm32gg2.o
 .data          0x0000000000000000        0x0 gcc/clock_efm32gg2.o
 .bss           0x0000000000000000        0x0 gcc/clock_efm32gg2.o
 .text.ClockRegisterCallback
                0x0000000000000000       0xc0 gcc/clock_efm32gg2.o
 .text.ClockSetPrescalers
                0x0000000000000000      0x11c gcc/clock_efm32gg2.o
 .text.ClockSetLFCLKA
                0x0000000000000000      0x12c gcc/clock_efm32gg2.o
 .text.ClockSetLFCLKB
                0x0000000000000000      0x12c gcc/clock_efm32gg2.o
 .text.ClockGetPeripheralClockFrequency
                0x0000000000000000       0x18 gcc/clock_efm32gg2.o
 .text          0x0000000000000000        0x0 gcc/gpio.o
 .data          0x0000000000000000        0x0 gcc/gpio.o
 .bss           0x0000000000000000        0x0 gcc/gpio.o
 .rodata.GPIOA  0x0000000000000000        0x4 gcc/gpio.o
 .rodata.GPIOB  0x0000000000000000        0x4 gcc/gpio.o
 .rodata.GPIOC  0x0000000000000000        0x4 gcc/gpio.o
 .rodata.GPIOD  0x0000000000000000        0x4 gcc/gpio.o
 .rodata.GPIOE  0x0000000000000000        0x4 gcc/gpio.o
 .rodata.GPIOF  0x0000000000000000        0x4 gcc/gpio.o
 .rodata.GPIO_MODE_DISABLE
                0x0000000000000000        0x4 gcc/gpio.o
 .rodata.GPIO_MODE_INPUT
                0x0000000000000000        0x4 gcc/gpio.o
 .rodata.GPIO_MODE_INPUTPULL
                0x0000000000000000        0x4 gcc/gpio.o
 .rodata.GPIO_MODE_INPUTPULLFILTER
                0x0000000000000000        0x4 gcc/gpio.o
 .rodata.GPIO_MODE_PUSHPULL
                0x0000000000000000        0x4 gcc/gpio.o
 .rodata.GPIO_MODE_PUSHPULLDRIVE
                0x0000000000000000        0x4 gcc/gpio.o
 .rodata.GPIO_MODE_WIREDOR
                0x0000000000000000        0x4 gcc/gpio.o
 .rodata.GPIO_MODE_WIREDORPULLDOWN
                0x0000000000000000        0x4 gcc/gpio.o
 .rodata.GPIO_MODE_WIREDAND
                0x0000000000000000        0x4 gcc/gpio.o
 .rodata.GPIO_MODE_WIREDANDFILTER
                0x0000000000000000        0x4 gcc/gpio.o
 .rodata.GPIO_MODE_WIREDANDPULLUP
                0x0000000000000000        0x4 gcc/gpio.o
 .rodata.GPIO_MODE_WIREDANDPULLUPFILTER
                0x0000000000000000        0x4 gcc/gpio.o
 .rodata.GPIO_MODE_WIREDANDDRIVE
                0x0000000000000000        0x4 gcc/gpio.o
 .rodata.GPIO_MODE_WIREDANDDRIVEFILTER
                0x0000000000000000        0x4 gcc/gpio.o
 .rodata.GPIO_MODE_WIREDANDDRIVEPULLUP
                0x0000000000000000        0x4 gcc/gpio.o
 .rodata.GPIO_MODE_WIREDANDDRIVEPULLUPFILTER
                0x0000000000000000        0x4 gcc/gpio.o
 .text          0x0000000000000000        0x0 gcc/main.o
 .data          0x0000000000000000        0x0 gcc/main.o
 .bss           0x0000000000000000        0x0 gcc/main.o
 .rodata.GPIOA  0x0000000000000000        0x4 gcc/main.o
 .rodata.GPIOB  0x0000000000000000        0x4 gcc/main.o
 .rodata.GPIOC  0x0000000000000000        0x4 gcc/main.o
 .rodata.GPIOD  0x0000000000000000        0x4 gcc/main.o
 .rodata.GPIOE  0x0000000000000000        0x4 gcc/main.o
 .rodata.GPIOF  0x0000000000000000        0x4 gcc/main.o
 .rodata.GPIO_MODE_DISABLE
                0x0000000000000000        0x4 gcc/main.o
 .rodata.GPIO_MODE_INPUT
                0x0000000000000000        0x4 gcc/main.o
 .rodata.GPIO_MODE_INPUTPULL
                0x0000000000000000        0x4 gcc/main.o
 .rodata.GPIO_MODE_INPUTPULLFILTER
                0x0000000000000000        0x4 gcc/main.o
 .rodata.GPIO_MODE_PUSHPULL
                0x0000000000000000        0x4 gcc/main.o
 .rodata.GPIO_MODE_PUSHPULLDRIVE
                0x0000000000000000        0x4 gcc/main.o
 .rodata.GPIO_MODE_WIREDOR
                0x0000000000000000        0x4 gcc/main.o
 .rodata.GPIO_MODE_WIREDORPULLDOWN
                0x0000000000000000        0x4 gcc/main.o
 .rodata.GPIO_MODE_WIREDAND
                0x0000000000000000        0x4 gcc/main.o
 .rodata.GPIO_MODE_WIREDANDFILTER
                0x0000000000000000        0x4 gcc/main.o
 .rodata.GPIO_MODE_WIREDANDPULLUP
                0x0000000000000000        0x4 gcc/main.o
 .rodata.GPIO_MODE_WIREDANDPULLUPFILTER
                0x0000000000000000        0x4 gcc/main.o
 .rodata.GPIO_MODE_WIREDANDDRIVE
                0x0000000000000000        0x4 gcc/main.o
 .rodata.GPIO_MODE_WIREDANDDRIVEFILTER
                0x0000000000000000        0x4 gcc/main.o
 .rodata.GPIO_MODE_WIREDANDDRIVEPULLUP
                0x0000000000000000        0x4 gcc/main.o
 .rodata.GPIO_MODE_WIREDANDDRIVEPULLUPFILTER
                0x0000000000000000        0x4 gcc/main.o
 .text          0x0000000000000000        0x0 gcc/led.o
 .data          0x0000000000000000        0x0 gcc/led.o
 .bss           0x0000000000000000        0x0 gcc/led.o
 .rodata.GPIOE  0x0000000000000000        0x4 gcc/led.o
 .text.LED_Init
                0x0000000000000000       0x7c gcc/led.o
 .text.LED_On   0x0000000000000000       0x24 gcc/led.o
 .text.LED_Off  0x0000000000000000       0x24 gcc/led.o
 .text.LED_Write
                0x0000000000000000       0x2c gcc/led.o
 .text          0x0000000000000000        0x0 gcc/system_efm32gg.o
 .data          0x0000000000000000        0x0 gcc/system_efm32gg.o
 .bss           0x0000000000000000        0x0 gcc/system_efm32gg.o
 .text.SystemMaxCoreClockGet
                0x0000000000000000       0x14 gcc/system_efm32gg.o
 .text.SystemHFXOClockGet
                0x0000000000000000       0x14 gcc/system_efm32gg.o
 .text.SystemHFXOClockSet
                0x0000000000000000       0x30 gcc/system_efm32gg.o
 .text.SystemLFRCOClockGet
                0x0000000000000000       0x10 gcc/system_efm32gg.o
 .text.SystemULFRCOClockGet
                0x0000000000000000       0x10 gcc/system_efm32gg.o
 .text.SystemLFXOClockGet
                0x0000000000000000       0x14 gcc/system_efm32gg.o
 .text.SystemLFXOClockSet
                0x0000000000000000       0x30 gcc/system_efm32gg.o
 .text          0x0000000000000000        0x0 gcc/adc.o
 .data          0x0000000000000000        0x0 gcc/adc.o
 .bss           0x0000000000000000        0x0 gcc/adc.o
 .data          0x0000000000000000        0x0 /home/guilherme/gcc-arm-none-eabi-10.3-2021.10/bin/../lib/gcc/arm-none-eabi/10.3.1/thumb/v7-m/nofp/libgcc.a(_arm_mulsf3.o)
 .bss           0x0000000000000000        0x0 /home/guilherme/gcc-arm-none-eabi-10.3-2021.10/bin/../lib/gcc/arm-none-eabi/10.3.1/thumb/v7-m/nofp/libgcc.a(_arm_mulsf3.o)
 .data          0x0000000000000000        0x0 /home/guilherme/gcc-arm-none-eabi-10.3-2021.10/bin/../lib/gcc/arm-none-eabi/10.3.1/thumb/v7-m/nofp/libgcc.a(_arm_addsubdf3.o)
 .bss           0x0000000000000000        0x0 /home/guilherme/gcc-arm-none-eabi-10.3-2021.10/bin/../lib/gcc/arm-none-eabi/10.3.1/thumb/v7-m/nofp/libgcc.a(_arm_addsubdf3.o)
 .data          0x0000000000000000        0x0 /home/guilherme/gcc-arm-none-eabi-10.3-2021.10/bin/../lib/gcc/arm-none-eabi/10.3.1/thumb/v7-m/nofp/libgcc.a(_arm_muldivdf3.o)
 .bss           0x0000000000000000        0x0 /home/guilherme/gcc-arm-none-eabi-10.3-2021.10/bin/../lib/gcc/arm-none-eabi/10.3.1/thumb/v7-m/nofp/libgcc.a(_arm_muldivdf3.o)
 .data          0x0000000000000000        0x0 /home/guilherme/gcc-arm-none-eabi-10.3-2021.10/bin/../lib/gcc/arm-none-eabi/10.3.1/thumb/v7-m/nofp/libgcc.a(_arm_truncdfsf2.o)
 .bss           0x0000000000000000        0x0 /home/guilherme/gcc-arm-none-eabi-10.3-2021.10/bin/../lib/gcc/arm-none-eabi/10.3.1/thumb/v7-m/nofp/libgcc.a(_arm_truncdfsf2.o)
 .data          0x0000000000000000        0x0 /home/guilherme/gcc-arm-none-eabi-10.3-2021.10/bin/../lib/gcc/arm-none-eabi/10.3.1/thumb/v7-m/nofp/libgcc.a(_arm_fixunssfsi.o)
 .bss           0x0000000000000000        0x0 /home/guilherme/gcc-arm-none-eabi-10.3-2021.10/bin/../lib/gcc/arm-none-eabi/10.3.1/thumb/v7-m/nofp/libgcc.a(_arm_fixunssfsi.o)
 .text          0x0000000000000000        0x0 /home/guilherme/gcc-arm-none-eabi-10.3-2021.10/bin/../lib/gcc/arm-none-eabi/10.3.1/../../../../arm-none-eabi/lib/thumb/v7-m/nofp/libg_nano.a(lib_a-itoa.o)
 .data          0x0000000000000000        0x0 /home/guilherme/gcc-arm-none-eabi-10.3-2021.10/bin/../lib/gcc/arm-none-eabi/10.3.1/../../../../arm-none-eabi/lib/thumb/v7-m/nofp/libg_nano.a(lib_a-itoa.o)
 .bss           0x0000000000000000        0x0 /home/guilherme/gcc-arm-none-eabi-10.3-2021.10/bin/../lib/gcc/arm-none-eabi/10.3.1/../../../../arm-none-eabi/lib/thumb/v7-m/nofp/libg_nano.a(lib_a-itoa.o)
 .text          0x0000000000000000        0x0 /home/guilherme/gcc-arm-none-eabi-10.3-2021.10/bin/../lib/gcc/arm-none-eabi/10.3.1/../../../../arm-none-eabi/lib/thumb/v7-m/nofp/libg_nano.a(lib_a-memset.o)
 .data          0x0000000000000000        0x0 /home/guilherme/gcc-arm-none-eabi-10.3-2021.10/bin/../lib/gcc/arm-none-eabi/10.3.1/../../../../arm-none-eabi/lib/thumb/v7-m/nofp/libg_nano.a(lib_a-memset.o)
 .bss           0x0000000000000000        0x0 /home/guilherme/gcc-arm-none-eabi-10.3-2021.10/bin/../lib/gcc/arm-none-eabi/10.3.1/../../../../arm-none-eabi/lib/thumb/v7-m/nofp/libg_nano.a(lib_a-memset.o)
 .text          0x0000000000000000        0x0 /home/guilherme/gcc-arm-none-eabi-10.3-2021.10/bin/../lib/gcc/arm-none-eabi/10.3.1/../../../../arm-none-eabi/lib/thumb/v7-m/nofp/libg_nano.a(lib_a-utoa.o)
 .data          0x0000000000000000        0x0 /home/guilherme/gcc-arm-none-eabi-10.3-2021.10/bin/../lib/gcc/arm-none-eabi/10.3.1/../../../../arm-none-eabi/lib/thumb/v7-m/nofp/libg_nano.a(lib_a-utoa.o)
 .bss           0x0000000000000000        0x0 /home/guilherme/gcc-arm-none-eabi-10.3-2021.10/bin/../lib/gcc/arm-none-eabi/10.3.1/../../../../arm-none-eabi/lib/thumb/v7-m/nofp/libg_nano.a(lib_a-utoa.o)
 .text.utoa     0x0000000000000000        0x4 /home/guilherme/gcc-arm-none-eabi-10.3-2021.10/bin/../lib/gcc/arm-none-eabi/10.3.1/../../../../arm-none-eabi/lib/thumb/v7-m/nofp/libg_nano.a(lib_a-utoa.o)

Memory Configuration

Name             Origin             Length             Attributes
FLASH            0x0000000000000000 0x0000000000100000 xr
RAM              0x0000000020000000 0x0000000000020000 xrw
*default*        0x0000000000000000 0xffffffffffffffff

Linker script and memory map

LOAD gcc/lcd.o
LOAD gcc/startup_efm32gg.o
LOAD gcc/pwm.o
LOAD gcc/clock_efm32gg2.o
LOAD gcc/gpio.o
LOAD gcc/main.o
LOAD gcc/led.o
LOAD gcc/system_efm32gg.o
LOAD gcc/adc.o
START GROUP
LOAD /home/guilherme/gcc-arm-none-eabi-10.3-2021.10/bin/../lib/gcc/arm-none-eabi/10.3.1/thumb/v7-m/nofp/libgcc.a
LOAD /home/guilherme/gcc-arm-none-eabi-10.3-2021.10/bin/../lib/gcc/arm-none-eabi/10.3.1/../../../../arm-none-eabi/lib/thumb/v7-m/nofp/libg_nano.a
LOAD /home/guilherme/gcc-arm-none-eabi-10.3-2021.10/bin/../lib/gcc/arm-none-eabi/10.3.1/../../../../arm-none-eabi/lib/thumb/v7-m/nofp/libc_nano.a
END GROUP
START GROUP
LOAD /home/guilherme/gcc-arm-none-eabi-10.3-2021.10/bin/../lib/gcc/arm-none-eabi/10.3.1/thumb/v7-m/nofp/libgcc.a
LOAD /home/guilherme/gcc-arm-none-eabi-10.3-2021.10/bin/../lib/gcc/arm-none-eabi/10.3.1/../../../../arm-none-eabi/lib/thumb/v7-m/nofp/libc_nano.a
END GROUP

.text           0x0000000000000000     0x3189
 *(.vectors)
 .vectors       0x0000000000000000       0xdc gcc/startup_efm32gg.o
                0x0000000000000000                __Vectors
                0x00000000000000dc                __Vectors_End = .
                0x00000000000000dc                __Vectors_Size = (__Vectors_End - __Vectors)
                0x0000000020000118                __end__ = .
 *(.text*)
 .text.SetLFAClock
                0x00000000000000dc      0x1c0 gcc/lcd.o
                0x00000000000000dc                SetLFAClock
 .text.LCD_SetClock
                0x000000000000029c       0x64 gcc/lcd.o
                0x000000000000029c                LCD_SetClock
 .text.LCD_Init
                0x0000000000000300       0x1a gcc/lcd.o
                0x0000000000000300                LCD_Init
 *fill*         0x000000000000031a        0x2 
 .text.LCD_Config
                0x000000000000031c      0x12c gcc/lcd.o
                0x000000000000031c                LCD_Config
 .text.LCD_WriteChar
                0x0000000000000448      0x23c gcc/lcd.o
                0x0000000000000448                LCD_WriteChar
 .text.LCD_WriteString
                0x0000000000000684       0x4e gcc/lcd.o
                0x0000000000000684                LCD_WriteString
 *fill*         0x00000000000006d2        0x2 
 .text.LCD_ClearAll
                0x00000000000006d4       0x60 gcc/lcd.o
                0x00000000000006d4                LCD_ClearAll
 .text.LCD_SetAll
                0x0000000000000734       0x64 gcc/lcd.o
                0x0000000000000734                LCD_SetAll
 .text.ln2      0x0000000000000798       0x32 gcc/lcd.o
 *fill*         0x00000000000007ca        0x2 
 .text.LCD_SetVoltage
                0x00000000000007cc       0xbc gcc/lcd.o
                0x00000000000007cc                LCD_SetVoltage
 .text.LCD_SetContrast
                0x0000000000000888       0x48 gcc/lcd.o
                0x0000000000000888                LCD_SetContrast
 .text.Reset_Handler
                0x00000000000008d0       0x50 gcc/startup_efm32gg.o
                0x00000000000008d0                Reset_Handler
 .text._main    0x0000000000000920        0xc gcc/startup_efm32gg.o
                0x0000000000000920                _main
 .text.Default_Handler
                0x000000000000092c        0x6 gcc/startup_efm32gg.o
                0x000000000000092c                TIMER2_IRQHandler
                0x000000000000092c                DebugMon_Handler
                0x000000000000092c                USART0_TX_IRQHandler
                0x000000000000092c                I2C0_IRQHandler
                0x000000000000092c                HardFault_Handler
                0x000000000000092c                LEUART1_IRQHandler
                0x000000000000092c                USART1_RX_IRQHandler
                0x000000000000092c                PendSV_Handler
                0x000000000000092c                NMI_Handler
                0x000000000000092c                I2C1_IRQHandler
                0x000000000000092c                TIMER3_IRQHandler
                0x000000000000092c                USART1_TX_IRQHandler
                0x000000000000092c                MSC_IRQHandler
                0x000000000000092c                UsageFault_Handler
                0x000000000000092c                LEUART0_IRQHandler
                0x000000000000092c                GPIO_EVEN_IRQHandler
                0x000000000000092c                UART0_TX_IRQHandler
                0x000000000000092c                UART1_TX_IRQHandler
                0x000000000000092c                RTC_IRQHandler
                0x000000000000092c                TIMER0_IRQHandler
                0x000000000000092c                LCD_IRQHandler
                0x000000000000092c                PCNT2_IRQHandler
                0x000000000000092c                UART0_RX_IRQHandler
                0x000000000000092c                LETIMER0_IRQHandler
                0x000000000000092c                TIMER1_IRQHandler
                0x000000000000092c                USART2_RX_IRQHandler
                0x000000000000092c                Default_Handler
                0x000000000000092c                EMU_IRQHandler
                0x000000000000092c                PCNT0_IRQHandler
                0x000000000000092c                USB_IRQHandler
                0x000000000000092c                BURTC_IRQHandler
                0x000000000000092c                PCNT1_IRQHandler
                0x000000000000092c                ACMP0_IRQHandler
                0x000000000000092c                USART0_RX_IRQHandler
                0x000000000000092c                MemManage_Handler
                0x000000000000092c                SVC_Handler
                0x000000000000092c                DAC0_IRQHandler
                0x000000000000092c                UART1_RX_IRQHandler
                0x000000000000092c                CMU_IRQHandler
                0x000000000000092c                EBI_IRQHandler
                0x000000000000092c                LESENSE_IRQHandler
                0x000000000000092c                GPIO_ODD_IRQHandler
                0x000000000000092c                AES_IRQHandler
                0x000000000000092c                VCMP_IRQHandler
                0x000000000000092c                DMA_IRQHandler
                0x000000000000092c                BusFault_Handler
                0x000000000000092c                USART2_TX_IRQHandler
 .text.PWM_Start
                0x0000000000000932       0x18 gcc/pwm.o
                0x0000000000000932                PWM_Start
 .text.PWM_Stop
                0x000000000000094a       0x18 gcc/pwm.o
                0x000000000000094a                PWM_Stop
 *fill*         0x0000000000000962        0x2 
 .text.Timer_ClockEnable
                0x0000000000000964       0x94 gcc/pwm.o
 .text.PWM_ConfigureOutputPin
                0x00000000000009f8      0x13c gcc/pwm.o
 .text.PWM_Init
                0x0000000000000b34      0x214 gcc/pwm.o
                0x0000000000000b34                PWM_Init
 .text.finddivencoding
                0x0000000000000d48       0x32 gcc/pwm.o
 .text.PWM_Config
                0x0000000000000d7a       0x46 gcc/pwm.o
                0x0000000000000d7a                PWM_Config
 .text.PWM_Write
                0x0000000000000dc0       0x26 gcc/pwm.o
                0x0000000000000dc0                PWM_Write
 .text.SystemCoreClockUpdate
                0x0000000000000de6        0xc gcc/clock_efm32gg2.o
 *fill*         0x0000000000000df2        0x2 
 .text.GetProdRev
                0x0000000000000df4       0x18 gcc/clock_efm32gg2.o
 .text.nearestpower2exp
                0x0000000000000e0c       0x6c gcc/clock_efm32gg2.o
 .text.ClockProcessPreChange
                0x0000000000000e78       0x6c gcc/clock_efm32gg2.o
                0x0000000000000e78                ClockProcessPreChange
 .text.ClockProcessPostChange
                0x0000000000000ee4       0x6c gcc/clock_efm32gg2.o
                0x0000000000000ee4                ClockProcessPostChange
 .text.ClockSetCoreClock
                0x0000000000000f50      0x304 gcc/clock_efm32gg2.o
                0x0000000000000f50                ClockSetCoreClock
 .text.ClockGetConfiguration
                0x0000000000001254      0x1c4 gcc/clock_efm32gg2.o
                0x0000000000001254                ClockGetConfiguration
 .text.ClockConfigureSystemForClockFrequency
                0x0000000000001418       0x98 gcc/clock_efm32gg2.o
                0x0000000000001418                ClockConfigureSystemForClockFrequency
 .text.ClockGetCoreClockFrequency
                0x00000000000014b0       0x18 gcc/clock_efm32gg2.o
                0x00000000000014b0                ClockGetCoreClockFrequency
 .text.GPIO_ConfigPins
                0x00000000000014c8       0xb0 gcc/gpio.o
                0x00000000000014c8                GPIO_ConfigPins
 .text.GPIO_Init
                0x0000000000001578       0x48 gcc/gpio.o
                0x0000000000001578                GPIO_Init
 .text.NVIC_SetPriority
                0x00000000000015c0       0x54 gcc/main.o
 .text.SysTick_Config
                0x0000000000001614       0x44 gcc/main.o
 .text.SysTick_Handler
                0x0000000000001658       0x3c gcc/main.o
                0x0000000000001658                SysTick_Handler
 .text.Delay    0x0000000000001694       0x30 gcc/main.o
                0x0000000000001694                Delay
 .text.main     0x00000000000016c4      0x170 gcc/main.o
                0x00000000000016c4                main
 *fill*         0x0000000000001834        0x4 
 .text.andando  0x0000000000001838       0x70 gcc/main.o
                0x0000000000001838                andando
 .text.alteraValorLEDs
                0x00000000000018a8       0x5c gcc/main.o
                0x00000000000018a8                alteraValorLEDs
 .text.LED_Toggle
                0x0000000000001904       0x24 gcc/led.o
                0x0000000000001904                LED_Toggle
 .text.GetProdRev
                0x0000000000001928       0x18 gcc/system_efm32gg.o
 .text.SystemCoreClockGet
                0x0000000000001940       0x34 gcc/system_efm32gg.o
                0x0000000000001940                SystemCoreClockGet
 .text.SystemHFClockGet
                0x0000000000001974      0x118 gcc/system_efm32gg.o
                0x0000000000001974                SystemHFClockGet
 .text.SystemInit
                0x0000000000001a8c        0xc gcc/system_efm32gg.o
                0x0000000000001a8c                SystemInit
 .text.GetCalibrationValues
                0x0000000000001a98       0xe0 gcc/adc.o
 .text.ADC0_IRQHandler
                0x0000000000001b78        0xc gcc/adc.o
                0x0000000000001b78                ADC0_IRQHandler
 .text.ADC_Init
                0x0000000000001b84      0x11c gcc/adc.o
                0x0000000000001b84                ADC_Init
 .text.ADC_ConfigChannel
                0x0000000000001ca0       0xd4 gcc/adc.o
                0x0000000000001ca0                ADC_ConfigChannel
 .text.ADC_Read
                0x0000000000001d74       0x1e gcc/adc.o
                0x0000000000001d74                ADC_Read
 *fill*         0x0000000000001d92        0x2 
 .text.ADC_StartReading
                0x0000000000001d94       0x58 gcc/adc.o
                0x0000000000001d94                ADC_StartReading
 .text.ADC_GetReading
                0x0000000000001dec       0x38 gcc/adc.o
                0x0000000000001dec                ADC_GetReading
 .text          0x0000000000001e24      0x168 /home/guilherme/gcc-arm-none-eabi-10.3-2021.10/bin/../lib/gcc/arm-none-eabi/10.3.1/thumb/v7-m/nofp/libgcc.a(_arm_mulsf3.o)
                0x0000000000001e24                __mulsf3
                0x0000000000001e24                __aeabi_fmul
 .text          0x0000000000001f8c      0x378 /home/guilherme/gcc-arm-none-eabi-10.3-2021.10/bin/../lib/gcc/arm-none-eabi/10.3.1/thumb/v7-m/nofp/libgcc.a(_arm_addsubdf3.o)
                0x0000000000001f8c                __aeabi_drsub
                0x0000000000001f94                __aeabi_dsub
                0x0000000000001f94                __subdf3
                0x0000000000001f98                __adddf3
                0x0000000000001f98                __aeabi_dadd
                0x0000000000002210                __aeabi_ui2d
                0x0000000000002210                __floatunsidf
                0x0000000000002230                __floatsidf
                0x0000000000002230                __aeabi_i2d
                0x0000000000002254                __extendsfdf2
                0x0000000000002254                __aeabi_f2d
                0x0000000000002298                __aeabi_ul2d
                0x0000000000002298                __floatundidf
                0x00000000000022a8                __floatdidf
                0x00000000000022a8                __aeabi_l2d
 .text          0x0000000000002304      0x424 /home/guilherme/gcc-arm-none-eabi-10.3-2021.10/bin/../lib/gcc/arm-none-eabi/10.3.1/thumb/v7-m/nofp/libgcc.a(_arm_muldivdf3.o)
                0x0000000000002304                __aeabi_dmul
                0x0000000000002304                __muldf3
                0x0000000000002558                __aeabi_ddiv
                0x0000000000002558                __divdf3
 .text          0x0000000000002728       0xa0 /home/guilherme/gcc-arm-none-eabi-10.3-2021.10/bin/../lib/gcc/arm-none-eabi/10.3.1/thumb/v7-m/nofp/libgcc.a(_arm_truncdfsf2.o)
                0x0000000000002728                __aeabi_d2f
                0x0000000000002728                __truncdfsf2
 .text          0x00000000000027c8       0x40 /home/guilherme/gcc-arm-none-eabi-10.3-2021.10/bin/../lib/gcc/arm-none-eabi/10.3.1/thumb/v7-m/nofp/libgcc.a(_arm_fixunssfsi.o)
                0x00000000000027c8                __aeabi_f2uiz
                0x00000000000027c8                __fixunssfsi
 .text.__itoa   0x0000000000002808       0x30 /home/guilherme/gcc-arm-none-eabi-10.3-2021.10/bin/../lib/gcc/arm-none-eabi/10.3.1/../../../../arm-none-eabi/lib/thumb/v7-m/nofp/libg_nano.a(lib_a-itoa.o)
                0x0000000000002808                __itoa
 .text.itoa     0x0000000000002838        0x4 /home/guilherme/gcc-arm-none-eabi-10.3-2021.10/bin/../lib/gcc/arm-none-eabi/10.3.1/../../../../arm-none-eabi/lib/thumb/v7-m/nofp/libg_nano.a(lib_a-itoa.o)
                0x0000000000002838                itoa
 .text.memset   0x000000000000283c       0x10 /home/guilherme/gcc-arm-none-eabi-10.3-2021.10/bin/../lib/gcc/arm-none-eabi/10.3.1/../../../../arm-none-eabi/lib/thumb/v7-m/nofp/libg_nano.a(lib_a-memset.o)
                0x000000000000283c                memset
 .text.__utoa   0x000000000000284c       0x84 /home/guilherme/gcc-arm-none-eabi-10.3-2021.10/bin/../lib/gcc/arm-none-eabi/10.3.1/../../../../arm-none-eabi/lib/thumb/v7-m/nofp/libg_nano.a(lib_a-utoa.o)
                0x000000000000284c                __utoa
 *(.init)
 *(.fini)
 *crtbegin.o(.ctors)
 *crtbegin?.o(.ctors)
 *(EXCLUDE_FILE(*crtend.o *crtend?.o) .ctors)
 *(SORT_BY_NAME(.ctors.*))
 *(.ctors)
 *crtbegin.o(.dtors)
 *crtbegin?.o(.dtors)
 *(EXCLUDE_FILE(*crtend.o *crtend?.o) .dtors)
 *(SORT_BY_NAME(.dtors.*))
 *(.dtors)
 *(.rodata*)
 .rodata.segments14forchar
                0x00000000000028d0       0xc0 gcc/lcd.o
 .rodata.segments7forchar
                0x0000000000002990       0x60 gcc/lcd.o
 .rodata.tablcd
                0x00000000000029f0      0x1c2 gcc/lcd.o
 *fill*         0x0000000000002bb2        0x2 
 .rodata.seg_encoding
                0x0000000000002bb4       0xa0 gcc/lcd.o
 .rodata.com_encoding
                0x0000000000002c54        0x8 gcc/lcd.o
 .rodata.tablcdclear
                0x0000000000002c5c      0x3c0 gcc/lcd.o
 .rodata.segdatalow
                0x000000000000301c       0x20 gcc/lcd.o
                0x000000000000301c                segdatalow
 .rodata.segdatahigh
                0x000000000000303c       0x20 gcc/lcd.o
                0x000000000000303c                segdatahigh
 .rodata.timerpins
                0x000000000000305c       0xb4 gcc/pwm.o
 .rodata.default_singlectrl
                0x0000000000003110       0x54 gcc/adc.o
 .rodata.__utoa.str1.1
                0x0000000000003164       0x25 /home/guilherme/gcc-arm-none-eabi-10.3-2021.10/bin/../lib/gcc/arm-none-eabi/10.3.1/../../../../arm-none-eabi/lib/thumb/v7-m/nofp/libg_nano.a(lib_a-utoa.o)
 *(.eh_frame*)

.glue_7         0x000000000000318c        0x0
 .glue_7        0x000000000000318c        0x0 linker stubs

.glue_7t        0x000000000000318c        0x0
 .glue_7t       0x000000000000318c        0x0 linker stubs

.vfp11_veneer   0x000000000000318c        0x0
 .vfp11_veneer  0x000000000000318c        0x0 linker stubs

.v4_bx          0x000000000000318c        0x0
 .v4_bx         0x000000000000318c        0x0 linker stubs

.iplt           0x000000000000318c        0x0
 .iplt          0x000000000000318c        0x0 gcc/lcd.o

.rel.dyn        0x000000000000318c        0x0
 .rel.iplt      0x000000000000318c        0x0 gcc/lcd.o

.ARM.extab
 *(.ARM.extab* .gnu.linkonce.armextab.*)
                0x0000000000003189                __exidx_start = .

.ARM.exidx
 *(.ARM.exidx* .gnu.linkonce.armexidx.*)
                0x0000000000003189                __exidx_end = .
                0x0000000000003189                __etext = .

.data           0x0000000020000000        0x8 load address 0x0000000000003189
                0x0000000020000000                __data_start__ = .
 *(vtable)
 *(.data*)
 .data.SystemHFXOClock
                0x0000000020000000        0x4 gcc/system_efm32gg.o
 .data.SystemLFXOClock
                0x0000000020000004        0x4 gcc/system_efm32gg.o
                0x0000000020000008                . = ALIGN (0x4)
 *(.ram)
                0x0000000020000008                . = ALIGN (0x4)
                [!provide]                        PROVIDE (__preinit_array_start = .)
 *(.preinit_array)
                [!provide]                        PROVIDE (__preinit_array_end = .)
                0x0000000020000008                . = ALIGN (0x4)
                [!provide]                        PROVIDE (__init_array_start = .)
 *(SORT_BY_NAME(.init_array.*))
 *(.init_array)
                [!provide]                        PROVIDE (__init_array_end = .)
                0x0000000020000008                . = ALIGN (0x4)
                [!provide]                        PROVIDE (__fini_array_start = .)
 *(SORT_BY_NAME(.fini_array.*))
 *(.fini_array)
                [!provide]                        PROVIDE (__fini_array_end = .)
 *(.jcr*)
                0x0000000020000008                . = ALIGN (0x4)
                0x0000000020000008                __data_end__ = .

.igot.plt       0x0000000020000008        0x0 load address 0x0000000000003194
 .igot.plt      0x0000000020000008        0x0 gcc/lcd.o

.bss            0x0000000020000008      0x10c load address 0x0000000000003194
                0x0000000020000008                . = ALIGN (0x4)
                0x0000000020000008                __bss_start__ = .
 *(.bss*)
 .bss.lcdclock_set
                0x0000000020000008        0x1 gcc/lcd.o
 *fill*         0x0000000020000009        0x3 
 .bss.callbacks
                0x000000002000000c       0x78 gcc/clock_efm32gg2.o
 .bss.ticks     0x0000000020000084        0x4 gcc/main.o
 .bss.counter.0
                0x0000000020000088        0x4 gcc/main.o
 .bss.SystemCoreClock
                0x000000002000008c        0x4 gcc/system_efm32gg.o
                0x000000002000008c                SystemCoreClock
 .bss.singlectrl
                0x0000000020000090       0x54 gcc/adc.o
 .bss.adc_cal   0x00000000200000e4        0x4 gcc/adc.o
 .bss.adc_bias  0x00000000200000e8        0x4 gcc/adc.o
 .bss.cal_gain_1v25
                0x00000000200000ec        0x4 gcc/adc.o
 .bss.cal_offset_1v25
                0x00000000200000f0        0x4 gcc/adc.o
 .bss.cal_gain_2v5
                0x00000000200000f4        0x4 gcc/adc.o
 .bss.cal_offset_2v5
                0x00000000200000f8        0x4 gcc/adc.o
 .bss.cal_gain_vdd
                0x00000000200000fc        0x4 gcc/adc.o
 .bss.cal_offset_vdd
                0x0000000020000100        0x4 gcc/adc.o
 .bss.cal_gain_5v
                0x0000000020000104        0x4 gcc/adc.o
 .bss.cal_offset_5v
                0x0000000020000108        0x4 gcc/adc.o
 .bss.cal_gain_2xvdd
                0x000000002000010c        0x4 gcc/adc.o
 .bss.cal_offset_2xvdd
                0x0000000020000110        0x4 gcc/adc.o
 *(COMMON)
                0x0000000020000114                . = ALIGN (0x4)
                0x0000000020000114                __bss_end__ = .

.heap           0x0000000020000118      0xc00
                0x0000000020000118                __HeapBase = .
                0x0000000020000118                __end__ = .
                0x0000000020000118                end = __end__
                0x0000000020000118                _end = __end__
 *(.heap*)
 .heap          0x0000000020000118      0xc00 gcc/startup_efm32gg.o
                0x0000000020000d18                __HeapLimit = .

.stack_dummy    0x0000000020000d18      0x400
 *(.stack*)
 .stack         0x0000000020000d18      0x400 gcc/startup_efm32gg.o
                0x0000000020020000                __StackTop = (ORIGIN (RAM) + LENGTH (RAM))
                0x000000002001fc00                __StackLimit = (__StackTop - SIZEOF (.stack_dummy))
                [!provide]                        PROVIDE (__stack = __StackTop)
                0x0000000000000001                ASSERT ((__StackLimit >= __HeapLimit), region RAM overflowed with stack)
                0x0000000000000001                ASSERT ((LENGTH (FLASH) >= (__etext + SIZEOF (.data))), FLASH memory overflowed !)
OUTPUT(gcc/blink1.axf elf32-littlearm)
LOAD linker stubs

.debug_info     0x0000000000000000     0x4b6a
 .debug_info    0x0000000000000000      0xe28 gcc/lcd.o
 .debug_info    0x0000000000000e28      0x1e1 gcc/startup_efm32gg.o
 .debug_info    0x0000000000001009      0xaaa gcc/pwm.o
 .debug_info    0x0000000000001ab3      0xac9 gcc/clock_efm32gg2.o
 .debug_info    0x000000000000257c      0x680 gcc/gpio.o
 .debug_info    0x0000000000002bfc      0xc8e gcc/main.o
 .debug_info    0x000000000000388a      0x50e gcc/led.o
 .debug_info    0x0000000000003d98      0x504 gcc/system_efm32gg.o
 .debug_info    0x000000000000429c      0x8ce gcc/adc.o

.debug_abbrev   0x0000000000000000      0xef1
 .debug_abbrev  0x0000000000000000      0x1f0 gcc/lcd.o
 .debug_abbrev  0x00000000000001f0       0xfb gcc/startup_efm32gg.o
 .debug_abbrev  0x00000000000002eb      0x1d4 gcc/pwm.o
 .debug_abbrev  0x00000000000004bf      0x220 gcc/clock_efm32gg2.o
 .debug_abbrev  0x00000000000006df      0x12d gcc/gpio.o
 .debug_abbrev  0x000000000000080c      0x27d gcc/main.o
 .debug_abbrev  0x0000000000000a89      0x12d gcc/led.o
 .debug_abbrev  0x0000000000000bb6      0x185 gcc/system_efm32gg.o
 .debug_abbrev  0x0000000000000d3b      0x1b6 gcc/adc.o

.debug_aranges  0x0000000000000000      0x348
 .debug_aranges
                0x0000000000000000       0xb0 gcc/lcd.o
 .debug_aranges
                0x00000000000000b0       0x38 gcc/startup_efm32gg.o
 .debug_aranges
                0x00000000000000e8       0x60 gcc/pwm.o
 .debug_aranges
                0x0000000000000148       0x88 gcc/clock_efm32gg2.o
 .debug_aranges
                0x00000000000001d0       0x28 gcc/gpio.o
 .debug_aranges
                0x00000000000001f8       0x50 gcc/main.o
 .debug_aranges
                0x0000000000000248       0x40 gcc/led.o
 .debug_aranges
                0x0000000000000288       0x70 gcc/system_efm32gg.o
 .debug_aranges
                0x00000000000002f8       0x50 gcc/adc.o

.debug_ranges   0x0000000000000000      0x2b8
 .debug_ranges  0x0000000000000000       0xa0 gcc/lcd.o
 .debug_ranges  0x00000000000000a0       0x28 gcc/startup_efm32gg.o
 .debug_ranges  0x00000000000000c8       0x50 gcc/pwm.o
 .debug_ranges  0x0000000000000118       0x78 gcc/clock_efm32gg2.o
 .debug_ranges  0x0000000000000190       0x18 gcc/gpio.o
 .debug_ranges  0x00000000000001a8       0x40 gcc/main.o
 .debug_ranges  0x00000000000001e8       0x30 gcc/led.o
 .debug_ranges  0x0000000000000218       0x60 gcc/system_efm32gg.o
 .debug_ranges  0x0000000000000278       0x40 gcc/adc.o

.debug_line     0x0000000000000000     0x2635
 .debug_line    0x0000000000000000      0x956 gcc/lcd.o
 .debug_line    0x0000000000000956      0x172 gcc/startup_efm32gg.o
 .debug_line    0x0000000000000ac8      0x421 gcc/pwm.o
 .debug_line    0x0000000000000ee9      0x889 gcc/clock_efm32gg2.o
 .debug_line    0x0000000000001772      0x20c gcc/gpio.o
 .debug_line    0x000000000000197e      0x3be gcc/main.o
 .debug_line    0x0000000000001d3c      0x206 gcc/led.o
 .debug_line    0x0000000000001f42      0x312 gcc/system_efm32gg.o
 .debug_line    0x0000000000002254      0x3e1 gcc/adc.o

.debug_str      0x0000000000000000     0x1607
 .debug_str     0x0000000000000000      0x6ca gcc/lcd.o
                                        0x736 (size before relaxing)
 .debug_str     0x00000000000006ca       0xac gcc/startup_efm32gg.o
                                        0x208 (size before relaxing)
 .debug_str     0x0000000000000776      0x39a gcc/pwm.o
                                        0x612 (size before relaxing)
 .debug_str     0x0000000000000b10      0x43d gcc/clock_efm32gg2.o
                                        0x6e3 (size before relaxing)
 .debug_str     0x0000000000000f4d       0x3f gcc/gpio.o
                                        0x4eb (size before relaxing)
 .debug_str     0x0000000000000f8c      0x3b5 gcc/main.o
                                        0x8f4 (size before relaxing)
 .debug_str     0x0000000000001341       0x38 gcc/led.o
                                        0x332 (size before relaxing)
 .debug_str     0x0000000000001379       0xe0 gcc/system_efm32gg.o
                                        0x410 (size before relaxing)
 .debug_str     0x0000000000001459      0x1ae gcc/adc.o
                                        0x557 (size before relaxing)

.comment        0x0000000000000000       0x49
 .comment       0x0000000000000000       0x49 gcc/lcd.o
                                         0x4a (size before relaxing)
 .comment       0x0000000000000049       0x4a gcc/startup_efm32gg.o
 .comment       0x0000000000000049       0x4a gcc/pwm.o
 .comment       0x0000000000000049       0x4a gcc/clock_efm32gg2.o
 .comment       0x0000000000000049       0x4a gcc/gpio.o
 .comment       0x0000000000000049       0x4a gcc/main.o
 .comment       0x0000000000000049       0x4a gcc/led.o
 .comment       0x0000000000000049       0x4a gcc/system_efm32gg.o
 .comment       0x0000000000000049       0x4a gcc/adc.o

.ARM.attributes
                0x0000000000000000       0x2d
 .ARM.attributes
                0x0000000000000000       0x2d gcc/lcd.o
 .ARM.attributes
                0x000000000000002d       0x2d gcc/startup_efm32gg.o
 .ARM.attributes
                0x000000000000005a       0x2d gcc/pwm.o
 .ARM.attributes
                0x0000000000000087       0x2d gcc/clock_efm32gg2.o
 .ARM.attributes
                0x00000000000000b4       0x2d gcc/gpio.o
 .ARM.attributes
                0x00000000000000e1       0x2d gcc/main.o
 .ARM.attributes
                0x000000000000010e       0x2d gcc/led.o
 .ARM.attributes
                0x000000000000013b       0x2d gcc/system_efm32gg.o
 .ARM.attributes
                0x0000000000000168       0x2d gcc/adc.o
 .ARM.attributes
                0x0000000000000195       0x1d /home/guilherme/gcc-arm-none-eabi-10.3-2021.10/bin/../lib/gcc/arm-none-eabi/10.3.1/thumb/v7-m/nofp/libgcc.a(_arm_mulsf3.o)
 .ARM.attributes
                0x00000000000001b2       0x1d /home/guilherme/gcc-arm-none-eabi-10.3-2021.10/bin/../lib/gcc/arm-none-eabi/10.3.1/thumb/v7-m/nofp/libgcc.a(_arm_addsubdf3.o)
 .ARM.attributes
                0x00000000000001cf       0x1d /home/guilherme/gcc-arm-none-eabi-10.3-2021.10/bin/../lib/gcc/arm-none-eabi/10.3.1/thumb/v7-m/nofp/libgcc.a(_arm_muldivdf3.o)
 .ARM.attributes
                0x00000000000001ec       0x1d /home/guilherme/gcc-arm-none-eabi-10.3-2021.10/bin/../lib/gcc/arm-none-eabi/10.3.1/thumb/v7-m/nofp/libgcc.a(_arm_truncdfsf2.o)
 .ARM.attributes
                0x0000000000000209       0x1d /home/guilherme/gcc-arm-none-eabi-10.3-2021.10/bin/../lib/gcc/arm-none-eabi/10.3.1/thumb/v7-m/nofp/libgcc.a(_arm_fixunssfsi.o)
 .ARM.attributes
                0x0000000000000226       0x2d /home/guilherme/gcc-arm-none-eabi-10.3-2021.10/bin/../lib/gcc/arm-none-eabi/10.3.1/../../../../arm-none-eabi/lib/thumb/v7-m/nofp/libg_nano.a(lib_a-itoa.o)
 .ARM.attributes
                0x0000000000000253       0x2d /home/guilherme/gcc-arm-none-eabi-10.3-2021.10/bin/../lib/gcc/arm-none-eabi/10.3.1/../../../../arm-none-eabi/lib/thumb/v7-m/nofp/libg_nano.a(lib_a-memset.o)
 .ARM.attributes
                0x0000000000000280       0x2d /home/guilherme/gcc-arm-none-eabi-10.3-2021.10/bin/../lib/gcc/arm-none-eabi/10.3.1/../../../../arm-none-eabi/lib/thumb/v7-m/nofp/libg_nano.a(lib_a-utoa.o)

.debug_frame    0x0000000000000000      0xda8
 .debug_frame   0x0000000000000000      0x2d8 gcc/lcd.o
 .debug_frame   0x00000000000002d8       0x78 gcc/startup_efm32gg.o
 .debug_frame   0x0000000000000350      0x174 gcc/pwm.o
 .debug_frame   0x00000000000004c4      0x20c gcc/clock_efm32gg2.o
 .debug_frame   0x00000000000006d0       0x5c gcc/gpio.o
 .debug_frame   0x000000000000072c      0x108 gcc/main.o
 .debug_frame   0x0000000000000834       0xd4 gcc/led.o
 .debug_frame   0x0000000000000908      0x180 gcc/system_efm32gg.o
 .debug_frame   0x0000000000000a88      0x118 gcc/adc.o
 .debug_frame   0x0000000000000ba0       0x24 /home/guilherme/gcc-arm-none-eabi-10.3-2021.10/bin/../lib/gcc/arm-none-eabi/10.3.1/thumb/v7-m/nofp/libgcc.a(_arm_mulsf3.o)
 .debug_frame   0x0000000000000bc4       0xac /home/guilherme/gcc-arm-none-eabi-10.3-2021.10/bin/../lib/gcc/arm-none-eabi/10.3.1/thumb/v7-m/nofp/libgcc.a(_arm_addsubdf3.o)
 .debug_frame   0x0000000000000c70       0x50 /home/guilherme/gcc-arm-none-eabi-10.3-2021.10/bin/../lib/gcc/arm-none-eabi/10.3.1/thumb/v7-m/nofp/libgcc.a(_arm_muldivdf3.o)
 .debug_frame   0x0000000000000cc0       0x24 /home/guilherme/gcc-arm-none-eabi-10.3-2021.10/bin/../lib/gcc/arm-none-eabi/10.3.1/thumb/v7-m/nofp/libgcc.a(_arm_truncdfsf2.o)
 .debug_frame   0x0000000000000ce4       0x24 /home/guilherme/gcc-arm-none-eabi-10.3-2021.10/bin/../lib/gcc/arm-none-eabi/10.3.1/thumb/v7-m/nofp/libgcc.a(_arm_fixunssfsi.o)
 .debug_frame   0x0000000000000d08       0x38 /home/guilherme/gcc-arm-none-eabi-10.3-2021.10/bin/../lib/gcc/arm-none-eabi/10.3.1/../../../../arm-none-eabi/lib/thumb/v7-m/nofp/libg_nano.a(lib_a-itoa.o)
 .debug_frame   0x0000000000000d40       0x20 /home/guilherme/gcc-arm-none-eabi-10.3-2021.10/bin/../lib/gcc/arm-none-eabi/10.3.1/../../../../arm-none-eabi/lib/thumb/v7-m/nofp/libg_nano.a(lib_a-memset.o)
 .debug_frame   0x0000000000000d60       0x48 /home/guilherme/gcc-arm-none-eabi-10.3-2021.10/bin/../lib/gcc/arm-none-eabi/10.3.1/../../../../arm-none-eabi/lib/thumb/v7-m/nofp/libg_nano.a(lib_a-utoa.o)
